10:34:54 **** Incremental Build of configuration Debug for project stepMotor ****
make -j16 all 
arm-none-eabi-gcc "../Core/Src/main.c" -mcpu=cortex-m4 -std=gnu11 -g3 -DDEBUG -DUSE_HAL_DRIVER -DSTM32F411xE -c -I../Core/Inc -I../Drivers/STM32F4xx_HAL_Driver/Inc -I../Drivers/STM32F4xx_HAL_Driver/Inc/Legacy -I../Drivers/CMSIS/Device/ST/STM32F4xx/Include -I../Drivers/CMSIS/Include -O0 -ffunction-sections -fdata-sections -Wall -fstack-usage -fcyclomatic-complexity -MMD -MP -MF"Core/Src/main.d" -MT"Core/Src/main.o" --specs=nano.specs -mfpu=fpv4-sp-d16 -mfloat-abi=hard -mthumb -o "Core/Src/main.o"
../Core/Src/main.c: In function 'main':
../Core/Src/main.c:134:10: warning: implicit declaration of function 'printf' [-Wimplicit-function-declaration]
  134 |          printf("%d\n",delay);
      |          ^~~~~~
../Core/Src/main.c:25:1: note: include '<stdio.h>' or provide a declaration of 'printf'
   24 | #include "uart.h"
  +++ |+#include <stdio.h>
   25 | /* USER CODE END Includes */
../Core/Src/main.c:134:10: warning: incompatible implicit declaration of built-in function 'printf' [-Wbuiltin-declaration-mismatch]
  134 |          printf("%d\n",delay);
      |          ^~~~~~
../Core/Src/main.c:134:10: note: include '<stdio.h>' or provide a declaration of 'printf'
arm-none-eabi-gcc -o "stepMotor.elf" @"objects.list"   -mcpu=cortex-m4 -T"C:\Users\npedu-203-19\STM32CubeIDE\workspace_1.14.0\stepMotor\STM32F411RETX_FLASH.ld" --specs=nosys.specs -Wl,-Map="stepMotor.map" -Wl,--gc-sections -static --specs=nano.specs -mfpu=fpv4-sp-d16 -mfloat-abi=hard -mthumb -Wl,--start-group -lc -lm -Wl,--end-group
Finished building target: stepMotor.elf
 
arm-none-eabi-size  stepMotor.elf 
arm-none-eabi-objdump -h -S stepMotor.elf  > "stepMotor.list"
   text	   data	    bss	    dec	    hex	filename
  15916	    112	   2320	  18348	   47ac	stepMotor.elf
Finished building: default.size.stdout
 
Finished building: stepMotor.list
 

10:34:55 Build Finished. 0 errors, 2 warnings. (took 786ms)

